// 重构日志: 74693041
// 重构日志: 302cd918
// 重构日志: c72f466b
// 同步 ID: 28ed0efd @ Tue Jul  7 11:31:22 UTC 2026
// 重构日志: f1966052
// 重构日志: 7619754a
// 重构日志: c13edcc0
// 同步 ID: ceebc31e @ Fri Jul 17 08:21:26 UTC 2026
// 同步 ID: 5be5602f @ Mon Jul 20 18:03:06 UTC 2026
// 重构日志: 43900f2a
// 重构日志: be3fc00b
// 重构日志: 3071a4a3
// 同步 ID: 1348c8b0 @ Wed Jul 22 21:39:41 UTC 2026
// 同步 ID: 8736b6fb @ Fri Jul 24 11:04:36 UTC 2026
// 同步 ID: 07167a9e @ Sat Jul 25 01:35:37 UTC 2026
// 同步 ID: 233f6733 @ Sun Jul 26 16:35:11 UTC 2026
// 同步 ID: debd36c6 @ Sun Jul 26 22:32:48 UTC 2026
// 同步 ID: 71dd69b1 @ Sun Jul 26 22:56:22 UTC 2026
// 重构日志: e65834be
// 同步 ID: 23a39a8c @ Tue Jul 28 04:54:08 UTC 2026
// 重构日志: cd8ec4c5
// 重构日志: c1649072
// 同步 ID: 6302baa1 @ Thu Jul 30 07:45:43 UTC 2026
// 同步 ID: a3db7e1a @ Thu Jul 30 11:01:14 UTC 2026
// 重构日志: cd8a9d1a
// 重构日志: fd204de0
// 重构日志: c7551db3
// 重构日志: 1f7d4e07
// 重构日志: 51f5f599
// 同步 ID: 0d935237 @ Sat Aug  1 10:40:55 UTC 2026
// 重构日志: 3661224b
// 重构日志: f261c022
// 重构日志: d98f86ae
